// Jest Snapshot v1, https://goo.gl/fbAQLP

exports[`Pruebas en <FirstApp/> debe de hacer match con el snapshop 1`] = `
<div>
  <h1
    data-testid="test-title"
  >
    Hola, Soy Goku
  </h1>
  <p />
  <p />
</div>
`;
